===== Wed Oct 15 06:32:01 PM UTC 2025 =====
Uptime:
 18:32:01 up 58 min,  4 users,  load average: 0.72, 0.44, 0.34
Memory Usage:
               total        used        free      shared  buff/cache   available
Mem:           3.3Gi       2.7Gi       145Mi        75Mi       809Mi       647Mi
Swap:             0B          0B          0B
Disk Usage:
Filesystem      Size  Used Avail Use% Mounted on
tmpfs           341M  2.1M  339M   1% /run
/dev/sda2        25G  6.2G   17G  27% /
tmpfs           1.7G  4.0K  1.7G   1% /dev/shm
tmpfs           5.0M  8.0K  5.0M   1% /run/lock
tmpfs           1.7G  3.8M  1.7G   1% /tmp
tmpfs           1.0M     0  1.0M   0% /run/credentials/systemd-journald.service
tmpfs           1.0M     0  1.0M   0% /run/credentials/systemd-resolved.service
tmpfs           341M  144K  341M   1% /run/user/1000
tmpfs           341M  4.1M  337M   2% /run/user/1002
===== Wed Oct 15 06:33:01 PM UTC 2025 =====
Uptime:
 18:33:01 up 59 min,  4 users,  load average: 0.75, 0.47, 0.36
Memory Usage:
               total        used        free      shared  buff/cache   available
Mem:           3.3Gi       2.7Gi       151Mi        75Mi       810Mi       653Mi
Swap:             0B          0B          0B
Disk Usage:
Filesystem      Size  Used Avail Use% Mounted on
tmpfs           341M  2.1M  339M   1% /run
/dev/sda2        25G  6.2G   17G  27% /
tmpfs           1.7G  4.0K  1.7G   1% /dev/shm
tmpfs           5.0M  8.0K  5.0M   1% /run/lock
tmpfs           1.7G  3.8M  1.7G   1% /tmp
tmpfs           1.0M     0  1.0M   0% /run/credentials/systemd-journald.service
tmpfs           1.0M     0  1.0M   0% /run/credentials/systemd-resolved.service
tmpfs           341M  144K  341M   1% /run/user/1000
tmpfs           341M  4.1M  337M   2% /run/user/1002
